[tektrone.com/our-products/index.html]
[backblue.gif]
[fade.gif]
[index.html]
[tektrone.com/wp-includes/js/jquery/jquery.minf43b.js]
[tektrone.com/wp-includes/js/jquery/jquery-migrate.min5589.js]
[tektrone.com/wp-includes/js/underscore.min3ab8.js]
[tektrone.com/wp-includes/js/wp-util.min32d4.js]
[tektrone.com/wp-content/plugins/instagram-widget-by-wpzoom/dist/scripts/library/magnific-popup6970.js]
[tektrone.com/wp-content/plugins/instagram-widget-by-wpzoom/dist/scripts/library/swiper9c05.js]
[tektrone.com/wp-content/plugins/instagram-widget-by-wpzoom/dist/scripts/frontend/block7c14.js]
[tektrone.com/wp-content/uploads/2024/02/cropped-cropped-WhatsApp-Image-2024-02-10-at-3.23.23-PM-32x32.png]
[tektrone.com/wp-content/uploads/2024/02/cropped-cropped-WhatsApp-Image-2024-02-10-at-3.23.23-PM-192x192.png]
[tektrone.com/wp-content/uploads/2024/02/cropped-cropped-WhatsApp-Image-2024-02-10-at-3.23.23-PM-180x180.png]
[tektrone.com/wp-content/uploads/2024/03/WhatsApp-Image-2024-03-05-at-3.24.11-PM.png]
[tektrone.com/wp-content/themes/insurez/assets/img/logo/logo-black.png]
[tektrone.com/wp-content/uploads/2024/01/breadcrumb-bg-1-1.jpg]
[tektrone.com/wp-content/uploads/2024/03/optical-brightener-250x2501-1.png]
[tektrone.com/wp-content/uploads/2024/03/cpe.jpg]
[tektrone.com/wp-content/uploads/2024/03/impect-modifier1.jpg]
[tektrone.com/wp-content/uploads/2024/03/scarlet-chrome-pigment-1489663409_p_2760955_5394161.jpg]
[tektrone.com/wp-content/uploads/2024/03/lemon-chrome.jpg]
[tektrone.com/wp-content/uploads/2024/03/middle-chrome-pigment-250x2501-1.jpg]
[tektrone.com/wp-content/uploads/2024/03/primrose.jpg]
[tektrone.com/wp-content/uploads/2024/03/23-300x240-1.jpg]
[tektrone.com/wp-content/uploads/2024/03/green-7-pigment-powder-500x5001-1-300x213-1.jpg]
[tektrone.com/wp-content/uploads/2024/03/violet-23-pigment-powder-500x5001-1-300x259-1.jpg]
[tektrone.com/wp-content/uploads/2024/03/yellow-12.jpg]
[tektrone.com/wp-content/uploads/2024/03/yellow-13.jpg]
[tektrone.com/wp-content/uploads/2024/03/orange.jpg]
[tektrone.com/wp-content/uploads/2024/03/21-300x240-1.jpg]
[tektrone.com/wp-content/uploads/2024/03/22-300x240-1.jpg]
[tektrone.com/wp-content/uploads/2024/03/31-300x240-1.jpg]
[tektrone.com/wp-content/uploads/2024/03/32-300x240-1.jpg]
[tektrone.com/wp-content/uploads/2024/03/37.jpg]
[tektrone.com/wp-content/uploads/2024/03/36.jpg]
[tektrone.com/wp-content/uploads/2024/03/35.jpg]
[tektrone.com/wp-content/uploads/2024/03/34.jpg]
[tektrone.com/wp-content/uploads/2024/03/ss-b1011.jpg]
[tektrone.com/wp-content/uploads/2024/03/chemours-r104.jpg]
[tektrone.com/wp-content/uploads/2024/03/r902-277x300-1.jpg]
[tektrone.com/wp-content/uploads/2024/03/tr921.jpg]
[tektrone.com/wp-content/uploads/2024/03/rm21.jpg]
[tektrone.com/wp-content/uploads/2024/03/rt131-216x300-1.jpg]
[tektrone.com/wp-content/uploads/2024/03/rt130-213x300-1.jpg]
[tektrone.com/wp-content/uploads/2024/03/r6618tf-300x300-1.jpg]
[tektrone.com/wp-content/uploads/2024/03/titanium-dioxide-rutile-r2195-250x2501-1.jpg]
[tektrone.com/wp-includes/js/dist/hooks.min4fdd.js]
[tektrone.com/wp-includes/js/dist/i18n.minc33c.js]
[tektrone.com/wp-content/plugins/contact-form-7/includes/swv/js/indexfc7a.js]
[tektrone.com/wp-content/plugins/contact-form-7/includes/js/indexfc7a.js]
[tektrone.com/wp-content/plugins/google-language-translator/js/scripts99ae.js]
[translate.google.com/translate_a/elementcd15.js]
[tektrone.com/wp-content/plugins/instagram-widget-by-wpzoom/dist/scripts/library/lazy6970.js]
[tektrone.com/wp-content/plugins/instagram-widget-by-wpzoom/dist/scripts/frontend/indexbe12.js]
[tektrone.com/wp-content/themes/insurez/assets/js/bootstrap-bundle32d4.js]
[tektrone.com/wp-content/themes/insurez/assets/js/meanmenu32d4.js]
[tektrone.com/wp-content/themes/insurez/assets/js/swiper-bundle32d4.js]
[tektrone.com/wp-content/themes/insurez/assets/js/nice-select32d4.js]
[tektrone.com/wp-content/themes/insurez/assets/js/counterup32d4.js]
[tektrone.com/wp-content/themes/insurez/assets/js/waypoints32d4.js]
[tektrone.com/wp-content/themes/insurez/assets/js/wow32d4.js]
[tektrone.com/wp-includes/js/imagesloaded.minbb93.js]
[tektrone.com/wp-content/themes/insurez/assets/js/isotope-pkgd32d4.js]
[tektrone.com/wp-content/themes/insurez/assets/js/main32d4.js]
[tektrone.com/wp-content/plugins/tp-core/assets/js/hello-world32d4.js]
[tektrone.com/wp-content/plugins/elementor/assets/js/webpack.runtime.min3ea8.js]
[tektrone.com/wp-content/plugins/elementor/assets/js/frontend-modules.min3ea8.js]
[tektrone.com/wp-includes/js/jquery/ui/core.minb37e.js]
[tektrone.com/wp-content/plugins/elementor/assets/js/frontend.min3ea8.js]
[tektrone.com/our-products/index.html]
[tektrone.com/wp-content/plugins/instagram-widget-by-wpzoom/dist/styles/library/swiper9c05.css]
[tektrone.com/wp-includes/css/dashicons.min32d4.css]
[tektrone.com/wp-content/plugins/instagram-widget-by-wpzoom/dist/styles/library/magnific-popupbe12.css]
[tektrone.com/wp-content/plugins/instagram-widget-by-wpzoom/dist/styles/frontend/indexa664.css]
[tektrone.com/wp-content/plugins/contact-form-7/includes/css/stylesfc7a.css]
[tektrone.com/wp-content/plugins/google-language-translator/images/flags22.png]
[tektrone.com/wp-content/plugins/google-language-translator/images/flags20.png]
[tektrone.com/wp-content/plugins/google-language-translator/images/flags18.png]
[tektrone.com/wp-content/plugins/google-language-translator/images/flags16.png]
[tektrone.com/wp-content/plugins/google-language-translator/images/flags.png]
[tektrone.com/wp-content/plugins/google-language-translator/css/style99ae.css]
[tektrone.com/wp-content/plugins/google-language-translator/css/toolbar99ae.css]
[tektrone.com/wp-content/themes/insurez/assets/css/insurez-custom32d4.css]
[tektrone.com/wp-content/themes/insurez/assets/css/bootstrap32d4.css]
[tektrone.com/wp-content/themes/insurez/assets/css/meanmenu32d4.css]
[tektrone.com/wp-content/themes/insurez/assets/css/animate32d4.css]
[tektrone.com/wp-content/themes/insurez/assets/css/swiper-bundle32d4.css]
[tektrone.com/wp-content/themes/insurez/assets/css/ajax-loader.gif]
[tektrone.com/wp-content/themes/insurez/assets/css/fonts/slick.eot]
[tektrone.com/wp-content/themes/insurez/assets/css/fonts/slickd41d.eot]
[tektrone.com/wp-content/themes/insurez/assets/css/fonts/slick.woff]
[tektrone.com/wp-content/themes/insurez/assets/css/fonts/slick.ttf]
[tektrone.com/wp-content/themes/insurez/assets/css/fonts/slick.svg]
[tektrone.com/wp-content/themes/insurez/assets/css/slick32d4.css]
[tektrone.com/wp-content/themes/insurez/assets/css/nice-select32d4.css]
[tektrone.com/wp-content/themes/insurez/assets/css/font-awesome-pro32d4.css]
[tektrone.com/wp-content/themes/insurez/assets/css/flaticon32d4.css]
[tektrone.com/wp-content/themes/insurez/assets/css/spacing32d4.css]
[tektrone.com/wp-content/themes/insurez/assets/css/insurez-corefd18.css]
[tektrone.com/wp-content/themes/insurez/assets/css/insurez-unitfd18.css]
[tektrone.com/wp-content/themes/insurez-child/style32d4.css]
[tektrone.com/wp-content/plugins/elementor/assets/css/frontend.min3ea8.css]
[tektrone.com/wp-content/uploads/elementor/css/post-66ed4.css]
[tektrone.com/wp-content/uploads/elementor/css/post-1706d344.css]
[tektrone.com/wp-content/themes/insurez/assets/css/ajax-loader.html]
[tektrone.com/wp-content/themes/insurez/assets/css/fonts/slick.html]
[tektrone.com/wp-content/themes/insurez/assets/css/fonts/slickd41d.html]
[tektrone.com/wp-content/themes/insurez/assets/css/fonts/slick-2.html]
[tektrone.com/wp-content/themes/insurez/assets/css/fonts/slick-3.html]
[tektrone.com/wp-content/themes/insurez/assets/css/fonts/slick-4.html]
